[2026-05-29T04:55:24] Blogger API publish failed HTTP 403: {
  "error": {
    "code": 403,
    "message": "The caller does not have permission",
    "errors": [
      {
        "message": "The caller does not have permission",
        "domain": "global",
        "reason": "forbidden"
      }
    ],
    "status": "PERMISSION_DENIED"
  }
}

[2026-05-29T04:55:36] published via mail2blogger_gmail_api: https://jejugrandebleuyacht.blogspot.com/2026/05/grande-bleu-1-0529-0426.html
[2026-05-29T04:56:35] already published: [日本語] Grande Bleu 済州 ヨット|秋のセーリングで穏やか1時間 | 0529-0426
[2026-05-30T08:47:15] Blogger API publish failed HTTP 403: {
  "error": {
    "code": 403,
    "message": "The caller does not have permission",
    "errors": [
      {
        "message": "The caller does not have permission",
        "domain": "global",
        "reason": "forbidden"
      }
    ],
    "status": "PERMISSION_DENIED"
  }
}

[2026-05-30T08:47:27] published via mail2blogger_gmail_api: https://jejugrandebleuyacht.blogspot.com/2026/05/grande-bleu280_0824963788.html
[2026-05-30T08:47:28] Telegram notification sent
[2026-05-31T04:48:43] Blogger API publish failed HTTP 403: {
  "error": {
    "code": 403,
    "message": "The caller does not have permission",
    "errors": [
      {
        "message": "The caller does not have permission",
        "domain": "global",
        "reason": "forbidden"
      }
    ],
    "status": "PERMISSION_DENIED"
  }
}

[2026-05-31T04:48:55] published via mail2blogger_gmail_api: https://jejugrandebleuyacht.blogspot.com/2026/05/grande-bleu-jeju-yacht-honest-sunset_01306357686.html
[2026-05-31T04:48:56] Telegram notification sent
[2026-06-01T05:13:15] Blogger API publish failed HTTP 403: {
  "error": {
    "code": 403,
    "message": "The caller does not have permission",
    "errors": [
      {
        "message": "The caller does not have permission",
        "domain": "global",
        "reason": "forbidden"
      }
    ],
    "status": "PERMISSION_DENIED"
  }
}

[2026-06-01T05:13:26] published via mail2blogger_gmail_api: https://jejugrandebleuyacht.blogspot.com/2026/05/grande-bleu_01637074236.html
[2026-06-01T05:13:27] Telegram notification sent
[2026-06-02T00:59:11] Blogger API publish failed HTTP 403: {
  "error": {
    "code": 403,
    "message": "The caller does not have permission",
    "errors": [
      {
        "message": "The caller does not have permission",
        "domain": "global",
        "reason": "forbidden"
      }
    ],
    "status": "PERMISSION_DENIED"
  }
}

[2026-06-02T00:59:22] published via mail2blogger_gmail_api: https://jejugrandebleuyacht.blogspot.com/2026/06/grande-bleu.html
[2026-06-02T00:59:23] Telegram notification sent
[2026-06-02T04:58:48] Blogger API publish failed HTTP 403: {
  "error": {
    "code": 403,
    "message": "The caller does not have permission",
    "errors": [
      {
        "message": "The caller does not have permission",
        "domain": "global",
        "reason": "forbidden"
      }
    ],
    "status": "PERMISSION_DENIED"
  }
}

[2026-06-02T04:58:59] published via mail2blogger_gmail_api: https://jejugrandebleuyacht.blogspot.com/2026/06/grande-bleu_01423781902.html
[2026-06-02T04:58:59] Telegram notification sent
[2026-06-03T02:17:42] Blogger API publish failed HTTP 403: {
  "error": {
    "code": 403,
    "message": "The caller does not have permission",
    "errors": [
      {
        "message": "The caller does not have permission",
        "domain": "global",
        "reason": "forbidden"
      }
    ],
    "status": "PERMISSION_DENIED"
  }
}

[2026-06-03T02:17:54] published via mail2blogger_gmail_api: https://jejugrandebleuyacht.blogspot.com/2026/06/grande-bleu-jeju-yacht-honest-sunset.html
[2026-06-03T02:17:54] Telegram notification sent
[2026-06-03T05:09:59] already published: Grande Bleu Jeju Yacht: Honest Sunset Cruise Review 2024
[2026-06-04T01:19:54] Blogger API publish failed HTTP 403: {
  "error": {
    "code": 403,
    "message": "The caller does not have permission",
    "errors": [
      {
        "message": "The caller does not have permission",
        "domain": "global",
        "reason": "forbidden"
      }
    ],
    "status": "PERMISSION_DENIED"
  }
}

[2026-06-04T01:20:05] published via mail2blogger_gmail_api: https://jejugrandebleuyacht.blogspot.com/2026/06/grande-bleu_0336939486.html
[2026-06-04T01:20:06] Telegram notification sent
[2026-06-04T05:02:44] Blogger API publish failed HTTP 403: {
  "error": {
    "code": 403,
    "message": "The caller does not have permission",
    "errors": [
      {
        "message": "The caller does not have permission",
        "domain": "global",
        "reason": "forbidden"
      }
    ],
    "status": "PERMISSION_DENIED"
  }
}

[2026-06-04T05:02:55] published via mail2blogger_gmail_api: https://jejugrandebleuyacht.blogspot.com/2026/06/grande-bleu_01559249932.html
[2026-06-04T05:02:56] Telegram notification sent
[2026-06-05T00:58:46] already published: Grande Bleu 済州ヨット|大浦港発プレミアム・セーリング体験
[2026-06-05T01:41:00] Blogger API publish failed HTTP 403: {
  "error": {
    "code": 403,
    "message": "The caller does not have permission",
    "errors": [
      {
        "message": "The caller does not have permission",
        "domain": "global",
        "reason": "forbidden"
      }
    ],
    "status": "PERMISSION_DENIED"
  }
}

[2026-06-05T01:41:11] published via mail2blogger_gmail_api: https://jejugrandebleuyacht.blogspot.com/2026/06/grande-bleu_0787018981.html
[2026-06-05T01:41:12] Telegram notification sent
[2026-06-05T04:44:59] already published: 济州游艇必打卡|Grande Bleu大浦港夕阳航海初体验
[2026-06-06T02:32:23] Blogger API publish failed HTTP 403: {
  "error": {
    "code": 403,
    "message": "The caller does not have permission",
    "errors": [
      {
        "message": "The caller does not have permission",
        "domain": "global",
        "reason": "forbidden"
      }
    ],
    "status": "PERMISSION_DENIED"
  }
}

[2026-06-06T02:32:24] published via mail2blogger_gmail_api: https://jejugrandebleuyacht.blogspot.com/2026/05/grande-bleu-jeju-yacht-honest-sunset_01306357686.html
[2026-06-06T02:32:25] Telegram notification sent
[2026-06-06T04:17:42] already published: Grande Bleu Jeju Yacht: Honest Sunset Cruise Review
[2026-06-07T04:54:10] Blogger API publish failed HTTP 403: {
  "error": {
    "code": 403,
    "message": "The caller does not have permission",
    "errors": [
      {
        "message": "The caller does not have permission",
        "domain": "global",
        "reason": "forbidden"
      }
    ],
    "status": "PERMISSION_DENIED"
  }
}

[2026-06-07T04:54:21] published via mail2blogger_gmail_api: https://jejugrandebleuyacht.blogspot.com/2026/06/grande-bleu_01088828321.html
[2026-06-07T04:54:22] Telegram notification sent
[2026-06-08T04:59:41] Blogger API publish failed HTTP 403: {
  "error": {
    "code": 403,
    "message": "The caller does not have permission",
    "errors": [
      {
        "message": "The caller does not have permission",
        "domain": "global",
        "reason": "forbidden"
      }
    ],
    "status": "PERMISSION_DENIED"
  }
}

[2026-06-08T04:59:52] published via mail2blogger_gmail_api: https://jejugrandebleuyacht.blogspot.com/2026/06/grande-bleu_01696030497.html
[2026-06-08T04:59:53] Telegram notification sent
[2026-06-09T04:21:49] Blogger API publish failed HTTP 403: {
  "error": {
    "code": 403,
    "message": "The caller does not have permission",
    "errors": [
      {
        "message": "The caller does not have permission",
        "domain": "global",
        "reason": "forbidden"
      }
    ],
    "status": "PERMISSION_DENIED"
  }
}

[2026-06-09T04:21:50] published via mail2blogger_gmail_api: https://jejugrandebleuyacht.blogspot.com/2026/06/grande-bleu-jeju-yacht-honest-sunset_0761518423.html
[2026-06-09T04:21:50] Telegram notification sent
[2026-06-10T04:44:29] Blogger API publish failed HTTP 403: {
  "error": {
    "code": 403,
    "message": "The caller does not have permission",
    "errors": [
      {
        "message": "The caller does not have permission",
        "domain": "global",
        "reason": "forbidden"
      }
    ],
    "status": "PERMISSION_DENIED"
  }
}

[2026-06-10T04:44:41] published via mail2blogger_gmail_api: https://jejugrandebleuyacht.blogspot.com/2026/06/grande-bleu_0891123625.html
[2026-06-10T04:44:42] Telegram notification sent
[2026-06-11T00:30:33] already published: 済州島ヨット ベストシーズン｜Grande Bleu 西帰浦セーリング（はじめての済州島向け）
[2026-06-11T04:57:08] Blogger API publish failed HTTP 403: {
  "error": {
    "code": 403,
    "message": "The caller does not have permission",
    "errors": [
      {
        "message": "The caller does not have permission",
        "domain": "global",
        "reason": "forbidden"
      }
    ],
    "status": "PERMISSION_DENIED"
  }
}

[2026-06-11T04:57:20] published via mail2blogger_gmail_api: https://jejugrandebleuyacht.blogspot.com/2026/06/grande-bleu_0442481631.html
[2026-06-11T04:57:21] Telegram notification sent
[2026-06-12T04:59:59] Blogger API publish failed HTTP 403: {
  "error": {
    "code": 403,
    "message": "The caller does not have permission",
    "errors": [
      {
        "message": "The caller does not have permission",
        "domain": "global",
        "reason": "forbidden"
      }
    ],
    "status": "PERMISSION_DENIED"
  }
}

[2026-06-12T05:00:10] published via mail2blogger_gmail_api: https://jejugrandebleuyacht.blogspot.com/2026/06/jeju-islands-best-season-for-grande.html
[2026-06-12T05:00:11] Telegram notification sent
[2026-06-13T02:30:30] Blogger API publish failed HTTP 403: {
  "error": {
    "code": 403,
    "message": "The caller does not have permission",
    "errors": [
      {
        "message": "The caller does not have permission",
        "domain": "global",
        "reason": "forbidden"
      }
    ],
    "status": "PERMISSION_DENIED"
  }
}

[2026-06-13T02:30:41] published via mail2blogger_gmail_api: https://jejugrandebleuyacht.blogspot.com/2026/06/blog-post_13.html
[2026-06-13T02:30:42] Telegram notification sent
[2026-06-13T04:47:07] already published: はじめての済州島ヨットクルーズ！グランブルーヨットで叶える安心と快適な船旅
[2026-06-14T00:30:42] already published: はじめての済州島ヨットクルーズ！グランブルーヨットで叶える安心と快適な船旅
[2026-06-14T01:00:33] already published: はじめての済州島ヨットクルーズ！グランブルーヨットで叶える安心と快適な船旅
[2026-06-14T05:03:58] Blogger API publish failed HTTP 403: {
  "error": {
    "code": 403,
    "message": "The caller does not have permission",
    "errors": [
      {
        "message": "The caller does not have permission",
        "domain": "global",
        "reason": "forbidden"
      }
    ],
    "status": "PERMISSION_DENIED"
  }
}

[2026-06-14T05:04:10] published via mail2blogger_gmail_api: https://jejugrandebleuyacht.blogspot.com/2026/06/2026.html
[2026-06-14T05:04:11] Telegram notification sent
[2026-06-15T00:30:37] already published: 2026年济州岛格兰蓝游艇：最佳季节与奢华体验
[2026-06-15T01:00:38] already published: 2026年济州岛格兰蓝游艇：最佳季节与奢华体验
[2026-06-15T05:25:18] Blogger API publish failed HTTP 403: {
  "error": {
    "code": 403,
    "message": "The caller does not have permission",
    "errors": [
      {
        "message": "The caller does not have permission",
        "domain": "global",
        "reason": "forbidden"
      }
    ],
    "status": "PERMISSION_DENIED"
  }
}

[2026-06-15T05:25:29] published via mail2blogger_gmail_api: https://jejugrandebleuyacht.blogspot.com/2026/06/jeju-grande-bleu-yacht-price-guide-for.html
[2026-06-15T05:25:29] Telegram notification sent
[2026-06-16T01:00:36] Blogger API publish failed HTTP 403: {
  "error": {
    "code": 403,
    "message": "The caller does not have permission",
    "errors": [
      {
        "message": "The caller does not have permission",
        "domain": "global",
        "reason": "forbidden"
      }
    ],
    "status": "PERMISSION_DENIED"
  }
}

[2026-06-16T01:00:47] published via mail2blogger_gmail_api: https://jejugrandebleuyacht.blogspot.com/2026/06/grande-bleu_0951527795.html
[2026-06-16T01:00:48] Telegram notification sent
[2026-06-16T05:28:46] Blogger API publish failed HTTP 403: {
  "error": {
    "code": 403,
    "message": "The caller does not have permission",
    "errors": [
      {
        "message": "The caller does not have permission",
        "domain": "global",
        "reason": "forbidden"
      }
    ],
    "status": "PERMISSION_DENIED"
  }
}

[2026-06-16T05:28:58] published via mail2blogger_gmail_api: https://jejugrandebleuyacht.blogspot.com/2026/06/2026_0849070866.html
[2026-06-16T05:28:58] Telegram notification sent
[2026-06-17T00:30:33] already published: 2026年 済州グランブルーヨット予約ガイド：中国語圏の旅行者向け
[2026-06-17T01:00:30] already published: 2026年 済州グランブルーヨット予約ガイド：中国語圏の旅行者向け
[2026-06-17T05:11:31] Blogger API publish failed HTTP 403: {
  "error": {
    "code": 403,
    "message": "The caller does not have permission",
    "errors": [
      {
        "message": "The caller does not have permission",
        "domain": "global",
        "reason": "forbidden"
      }
    ],
    "status": "PERMISSION_DENIED"
  }
}

[2026-06-17T05:11:42] published via mail2blogger_gmail_api: https://jejugrandebleuyacht.blogspot.com/2026/06/2026_0948332010.html
[2026-06-17T05:11:42] Telegram notification sent
[2026-06-18T00:30:32] already published: 2026年济州格兰蓝游艇价格攻略：高端宾客的奢华之选
[2026-06-18T04:59:18] Blogger API publish failed HTTP 403: {
  "error": {
    "code": 403,
    "message": "The caller does not have permission",
    "errors": [
      {
        "message": "The caller does not have permission",
        "domain": "global",
        "reason": "forbidden"
      }
    ],
    "status": "PERMISSION_DENIED"
  }
}

[2026-06-18T04:59:29] published via mail2blogger_gmail_api: https://jejugrandebleuyacht.blogspot.com/2026/06/jejus-grande-bleu-yacht-discovering.html
[2026-06-18T04:59:30] Telegram notification sent
[2026-06-19T05:21:34] Blogger API publish failed HTTP 403: {
  "error": {
    "code": 403,
    "message": "The caller does not have permission",
    "errors": [
      {
        "message": "The caller does not have permission",
        "domain": "global",
        "reason": "forbidden"
      }
    ],
    "status": "PERMISSION_DENIED"
  }
}

[2026-06-19T05:21:45] published via mail2blogger_gmail_api: https://jejugrandebleuyacht.blogspot.com/2026/06/2026_0437083501.html
[2026-06-19T05:21:46] Telegram notification sent
[2026-06-20T00:30:35] already published: 2026年夏！子連れ家族におすすめ！西帰浦（ソギポ）周辺の絶対外せない観光スポット
[2026-06-20T01:00:34] already published: 2026年夏！子連れ家族におすすめ！西帰浦（ソギポ）周辺の絶対外せない観光スポット
[2026-06-20T04:38:57] Blogger API publish failed HTTP 403: {
  "error": {
    "code": 403,
    "message": "The caller does not have permission",
    "errors": [
      {
        "message": "The caller does not have permission",
        "domain": "global",
        "reason": "forbidden"
      }
    ],
    "status": "PERMISSION_DENIED"
  }
}

[2026-06-20T04:39:09] published via mail2blogger_gmail_api: https://jejugrandebleuyacht.blogspot.com/2026/06/blog-post_810.html
[2026-06-20T04:39:09] Telegram notification sent
[2026-06-21T00:30:31] already published: 濟州最美海景咖啡廳地圖：與摯愛沈浸蔚藍，共度浪漫時光！
[2026-06-21T01:00:32] already published: 濟州最美海景咖啡廳地圖：與摯愛沈浸蔚藍，共度浪漫時光！
[2026-06-21T02:30:29] Blogger API publish failed HTTP 403: {
  "error": {
    "code": 403,
    "message": "The caller does not have permission",
    "errors": [
      {
        "message": "The caller does not have permission",
        "domain": "global",
        "reason": "forbidden"
      }
    ],
    "status": "PERMISSION_DENIED"
  }
}

[2026-06-21T02:30:40] published via mail2blogger_gmail_api: https://jejugrandebleuyacht.blogspot.com/2026/06/jeju-yacht-tour-route-highlights-grande.html
[2026-06-21T02:30:40] Telegram notification sent
[2026-06-21T05:16:39] already published: Jeju Yacht Tour — Route & Highlights | Grande Bleu Catamaran, Seogwipo Jeju (first-time visitors)
[2026-06-22T00:30:36] already published: Jeju Yacht Tour — Route & Highlights | Grande Bleu Catamaran, Seogwipo Jeju (first-time visitors)
[2026-06-22T01:00:31] already published: Jeju Yacht Tour — Route & Highlights | Grande Bleu Catamaran, Seogwipo Jeju (first-time visitors)
[2026-06-22T05:27:26] Blogger API publish failed HTTP 403: {
  "error": {
    "code": 403,
    "message": "The caller does not have permission",
    "errors": [
      {
        "message": "The caller does not have permission",
        "domain": "global",
        "reason": "forbidden"
      }
    ],
    "status": "PERMISSION_DENIED"
  }
}

[2026-06-22T05:27:37] published via mail2blogger_gmail_api: https://jejugrandebleuyacht.blogspot.com/2026/06/escapade-romantique-jeju-les-falaises.html
[2026-06-22T05:27:38] Telegram notification sent
[2026-06-23T00:30:35] already published: Escapade romantique à Jeju : les falaises de Wolpyeong Jusangjeolli et le rocher de l'Éléphant, un spectacle naturel à ne pas manquer !
[2026-06-23T01:00:35] already published: Escapade romantique à Jeju : les falaises de Wolpyeong Jusangjeolli et le rocher de l'Éléphant, un spectacle naturel à ne pas manquer !
[2026-06-23T04:18:21] Blogger API publish failed HTTP 403: {
  "error": {
    "code": 403,
    "message": "The caller does not have permission",
    "errors": [
      {
        "message": "The caller does not have permission",
        "domain": "global",
        "reason": "forbidden"
      }
    ],
    "status": "PERMISSION_DENIED"
  }
}

[2026-06-23T04:18:32] published via mail2blogger_gmail_api: https://jejugrandebleuyacht.blogspot.com/2026/06/jeju-yacht-tour-photo-spots-grande-bleu.html
[2026-06-23T04:18:32] Telegram notification sent
[2026-06-24T00:30:33] already published: Jeju Yacht Tour — Photo Spots | Grande Bleu Catamaran, Seogwipo Jeju (couples and honeymooners)
[2026-06-24T01:00:34] already published: Jeju Yacht Tour — Photo Spots | Grande Bleu Catamaran, Seogwipo Jeju (couples and honeymooners)
[2026-06-24T04:22:38] Blogger API publish failed HTTP 403: {
  "error": {
    "code": 403,
    "message": "The caller does not have permission",
    "errors": [
      {
        "message": "The caller does not have permission",
        "domain": "global",
        "reason": "forbidden"
      }
    ],
    "status": "PERMISSION_DENIED"
  }
}

[2026-06-24T04:22:49] published via mail2blogger_gmail_api: https://jejugrandebleuyacht.blogspot.com/2026/06/jeju-yacht-tour-how-to-book-grande-bleu.html
[2026-06-24T04:22:50] Telegram notification sent
[2026-06-25T04:21:34] Blogger API publish failed HTTP 403: {
  "error": {
    "code": 403,
    "message": "The caller does not have permission",
    "errors": [
      {
        "message": "The caller does not have permission",
        "domain": "global",
        "reason": "forbidden"
      }
    ],
    "status": "PERMISSION_DENIED"
  }
}

[2026-06-25T04:21:35] published via mail2blogger_gmail_api: https://jejugrandebleuyacht.blogspot.com/2026/06/jeju-yacht-tour-how-to-book-grande-bleu.html
[2026-06-25T04:21:35] Telegram notification sent
[2026-06-26T00:30:32] already published: Jeju Yacht Tour — How to Book | Grande Bleu Catamaran, Seogwipo Jeju (corporate groups)
[2026-06-26T04:37:21] Blogger API publish failed HTTP 403: {
  "error": {
    "code": 403,
    "message": "The caller does not have permission",
    "errors": [
      {
        "message": "The caller does not have permission",
        "domain": "global",
        "reason": "forbidden"
      }
    ],
    "status": "PERMISSION_DENIED"
  }
}

[2026-06-26T04:37:32] published via mail2blogger_gmail_api: https://jejugrandebleuyacht.blogspot.com/2026/06/blog-post_440.html
[2026-06-26T04:37:33] Telegram notification sent
[2026-06-27T00:30:35] already published: جيجو مع الأطفال: مغامرة لا تُنسى للعائلات الصغيرة!
[2026-06-27T01:00:36] already published: جيجو مع الأطفال: مغامرة لا تُنسى للعائلات الصغيرة!
[2026-06-27T04:14:13] Blogger API publish failed HTTP 403: {
  "error": {
    "code": 403,
    "message": "The caller does not have permission",
    "errors": [
      {
        "message": "The caller does not have permission",
        "domain": "global",
        "reason": "forbidden"
      }
    ],
    "status": "PERMISSION_DENIED"
  }
}

[2026-06-27T04:14:24] published via mail2blogger_gmail_api: https://jejugrandebleuyacht.blogspot.com/2026/06/jeju-yacht-tour-route-highlights-grande_0327389973.html
[2026-06-27T04:14:25] Telegram notification sent
[2026-06-28T00:30:36] already published: Jeju Yacht Tour — Route & Highlights | Grande Bleu Catamaran, Seogwipo Jeju (first-time visitors)
[2026-06-28T02:30:31] Blogger API publish failed HTTP 403: {
  "error": {
    "code": 403,
    "message": "The caller does not have permission",
    "errors": [
      {
        "message": "The caller does not have permission",
        "domain": "global",
        "reason": "forbidden"
      }
    ],
    "status": "PERMISSION_DENIED"
  }
}

[2026-06-28T02:30:31] published via mail2blogger_gmail_api: https://jejugrandebleuyacht.blogspot.com/2026/06/jeju-yacht-tour-photo-spots-grande-bleu_01009201474.html
[2026-06-28T02:30:32] Telegram notification sent
[2026-06-28T04:47:09] already published: Jeju Yacht Tour — Photo Spots | Grande Bleu Catamaran, Seogwipo Jeju (premium hotel guests)
[2026-06-29T00:30:32] already published: Jeju Yacht Tour — Photo Spots | Grande Bleu Catamaran, Seogwipo Jeju (premium hotel guests)
[2026-06-29T01:00:33] already published: Jeju Yacht Tour — Photo Spots | Grande Bleu Catamaran, Seogwipo Jeju (premium hotel guests)
[2026-06-29T04:57:19] Blogger API publish failed HTTP 403: {
  "error": {
    "code": 403,
    "message": "The caller does not have permission",
    "errors": [
      {
        "message": "The caller does not have permission",
        "domain": "global",
        "reason": "forbidden"
      }
    ],
    "status": "PERMISSION_DENIED"
  }
}

[2026-06-29T04:57:30] published via mail2blogger_gmail_api: https://jejugrandebleuyacht.blogspot.com/2026/06/jeju-yacht-tour-price-guide-grande-bleu_0218748581.html
[2026-06-29T04:57:30] Telegram notification sent
[2026-06-30T00:30:33] already published: Jeju Yacht Tour — Price Guide | Grande Bleu Catamaran, Seogwipo Jeju (couples and honeymooners)
[2026-06-30T01:00:34] already published: Jeju Yacht Tour — Price Guide | Grande Bleu Catamaran, Seogwipo Jeju (couples and honeymooners)
[2026-06-30T04:22:20] Blogger API publish failed HTTP 403: {
  "error": {
    "code": 403,
    "message": "The caller does not have permission",
    "errors": [
      {
        "message": "The caller does not have permission",
        "domain": "global",
        "reason": "forbidden"
      }
    ],
    "status": "PERMISSION_DENIED"
  }
}

[2026-06-30T04:22:31] published via mail2blogger_gmail_api: https://jejugrandebleuyacht.blogspot.com/2026/06/jeju-yacht-tour-onboard-food-drinks.html
[2026-06-30T04:22:32] Telegram notification sent
[2026-07-01T00:30:31] already published: Jeju Yacht Tour — Onboard Food & Drinks | Grande Bleu Catamaran, Seogwipo Jeju (premium hotel guests)
[2026-07-01T02:30:31] Blogger API publish failed HTTP 403: {
  "error": {
    "code": 403,
    "message": "The caller does not have permission",
    "errors": [
      {
        "message": "The caller does not have permission",
        "domain": "global",
        "reason": "forbidden"
      }
    ],
    "status": "PERMISSION_DENIED"
  }
}

[2026-07-01T02:30:42] published via mail2blogger_gmail_api: https://jejugrandebleuyacht.blogspot.com/2026/07/jeju-yacht-tour-photo-spots-grande-bleu.html
[2026-07-01T02:30:43] Telegram notification sent
[2026-07-01T04:51:26] already published: Jeju Yacht Tour — Photo Spots | Grande Bleu Catamaran, Seogwipo Jeju (couples and honeymooners)
[2026-07-02T00:30:32] already published: Jeju Yacht Tour — Photo Spots | Grande Bleu Catamaran, Seogwipo Jeju (couples and honeymooners)
[2026-07-02T04:19:07] Blogger API publish failed HTTP 403: {
  "error": {
    "code": 403,
    "message": "The caller does not have permission",
    "errors": [
      {
        "message": "The caller does not have permission",
        "domain": "global",
        "reason": "forbidden"
      }
    ],
    "status": "PERMISSION_DENIED"
  }
}

[2026-07-02T04:19:18] published via mail2blogger_gmail_api: https://jejugrandebleuyacht.blogspot.com/2026/07/jeju-yacht-tour-route-highlights-grande_01595360096.html
[2026-07-02T04:19:19] Telegram notification sent
[2026-07-03T00:30:37] already published: Jeju Yacht Tour — Route & Highlights | Grande Bleu Catamaran, Seogwipo Jeju (families with kids)
[2026-07-03T01:00:29] already published: Jeju Yacht Tour — Route & Highlights | Grande Bleu Catamaran, Seogwipo Jeju (families with kids)
[2026-07-03T04:05:09] Blogger API publish failed HTTP 403: {
  "error": {
    "code": 403,
    "message": "The caller does not have permission",
    "errors": [
      {
        "message": "The caller does not have permission",
        "domain": "global",
        "reason": "forbidden"
      }
    ],
    "status": "PERMISSION_DENIED"
  }
}

[2026-07-03T04:05:21] published via mail2blogger_gmail_api: https://jejugrandebleuyacht.blogspot.com/2026/07/unforgettable-first-timers-guide-things.html
[2026-07-03T04:05:22] Telegram notification sent
[2026-07-04T01:00:29] Blogger API publish failed HTTP 403: {
  "error": {
    "code": 403,
    "message": "The caller does not have permission",
    "errors": [
      {
        "message": "The caller does not have permission",
        "domain": "global",
        "reason": "forbidden"
      }
    ],
    "status": "PERMISSION_DENIED"
  }
}

[2026-07-04T01:00:40] published via mail2blogger_gmail_api: https://jejugrandebleuyacht.blogspot.com/2026/07/grande-bleu.html
[2026-07-04T01:00:41] Telegram notification sent
[2026-07-04T03:58:19] Blogger API publish failed HTTP 403: {
  "error": {
    "code": 403,
    "message": "The caller does not have permission",
    "errors": [
      {
        "message": "The caller does not have permission",
        "domain": "global",
        "reason": "forbidden"
      }
    ],
    "status": "PERMISSION_DENIED"
  }
}

[2026-07-04T03:58:30] published via mail2blogger_gmail_api: https://jejugrandebleuyacht.blogspot.com/2026/07/202672.html
[2026-07-04T03:58:31] Telegram notification sent
[2026-07-05T00:30:37] already published: 企業・団体向け！ 2026年7月、済州島週末2日間で最高のチームビルディング旅
[2026-07-05T01:00:35] Blogger API publish failed HTTP 403: {
  "error": {
    "code": 403,
    "message": "The caller does not have permission",
    "errors": [
      {
        "message": "The caller does not have permission",
        "domain": "global",
        "reason": "forbidden"
      }
    ],
    "status": "PERMISSION_DENIED"
  }
}

[2026-07-05T01:00:46] published via mail2blogger_gmail_api: https://jejugrandebleuyacht.blogspot.com/2026/07/grande-bleu_01413864016.html
[2026-07-05T01:00:47] Telegram notification sent
[2026-07-05T04:17:33] Blogger API publish failed HTTP 403: {
  "error": {
    "code": 403,
    "message": "The caller does not have permission",
    "errors": [
      {
        "message": "The caller does not have permission",
        "domain": "global",
        "reason": "forbidden"
      }
    ],
    "status": "PERMISSION_DENIED"
  }
}

[2026-07-05T04:17:44] published via mail2blogger_gmail_api: https://jejugrandebleuyacht.blogspot.com/2026/07/blog-post_05.html
[2026-07-05T04:17:45] Telegram notification sent
[2026-07-06T00:30:40] already published: 情侣蜜月必看：济州岛亲子游，带着宝贝也能玩转浪漫仙境！
[2026-07-06T01:00:38] Blogger API publish failed HTTP 403: {
  "error": {
    "code": 403,
    "message": "The caller does not have permission",
    "errors": [
      {
        "message": "The caller does not have permission",
        "domain": "global",
        "reason": "forbidden"
      }
    ],
    "status": "PERMISSION_DENIED"
  }
}

[2026-07-06T01:00:50] published via mail2blogger_gmail_api: https://jejugrandebleuyacht.blogspot.com/2026/07/blog-post_06.html
[2026-07-06T01:00:50] Telegram notification sent
[2026-07-06T04:36:20] Blogger API publish failed HTTP 403: {
  "error": {
    "code": 403,
    "message": "The caller does not have permission",
    "errors": [
      {
        "message": "The caller does not have permission",
        "domain": "global",
        "reason": "forbidden"
      }
    ],
    "status": "PERMISSION_DENIED"
  }
}

[2026-07-06T04:36:31] published via mail2blogger_gmail_api: https://jejugrandebleuyacht.blogspot.com/2026/07/blog-post_568.html
[2026-07-06T04:36:32] Telegram notification sent
[2026-07-07T00:30:32] already published: 濟州島新手必看！天地淵、正房瀑布交通攻略與私房拍照點大公開！
[2026-07-07T01:00:30] Blogger API publish failed HTTP 403: {
  "error": {
    "code": 403,
    "message": "The caller does not have permission",
    "errors": [
      {
        "message": "The caller does not have permission",
        "domain": "global",
        "reason": "forbidden"
      }
    ],
    "status": "PERMISSION_DENIED"
  }
}

[2026-07-07T01:00:41] published via mail2blogger_gmail_api: https://jejugrandebleuyacht.blogspot.com/2026/07/grande-bleu_0631706420.html
[2026-07-07T01:00:41] Telegram notification sent
[2026-07-07T02:30:35] Blogger API publish failed HTTP 403: {
  "error": {
    "code": 403,
    "message": "The caller does not have permission",
    "errors": [
      {
        "message": "The caller does not have permission",
        "domain": "global",
        "reason": "forbidden"
      }
    ],
    "status": "PERMISSION_DENIED"
  }
}

[2026-07-07T02:30:46] published via mail2blogger_gmail_api: https://jejugrandebleuyacht.blogspot.com/2026/07/blog-post_07.html
[2026-07-07T02:30:47] Telegram notification sent
[2026-07-07T04:14:13] Blogger API publish failed HTTP 403: {
  "error": {
    "code": 403,
    "message": "The caller does not have permission",
    "errors": [
      {
        "message": "The caller does not have permission",
        "domain": "global",
        "reason": "forbidden"
      }
    ],
    "status": "PERMISSION_DENIED"
  }
}

[2026-07-07T04:14:24] published via mail2blogger_gmail_api: https://jejugrandebleuyacht.blogspot.com/2026/07/blog-post_949.html
[2026-07-07T04:14:25] Telegram notification sent
[2026-07-08T00:30:36] already published: Самые инстаграмные места на Чеджу, где получатся идеальные фото!
[2026-07-08T01:00:38] Blogger API publish failed HTTP 403: {
  "error": {
    "code": 403,
    "message": "The caller does not have permission",
    "errors": [
      {
        "message": "The caller does not have permission",
        "domain": "global",
        "reason": "forbidden"
      }
    ],
    "status": "PERMISSION_DENIED"
  }
}

[2026-07-08T01:00:49] published via mail2blogger_gmail_api: https://jejugrandebleuyacht.blogspot.com/2026/07/grande-bleu_0830195863.html
[2026-07-08T01:00:50] Telegram notification sent
[2026-07-08T03:39:56] Blogger API publish failed HTTP 403: {
  "error": {
    "code": 403,
    "message": "The caller does not have permission",
    "errors": [
      {
        "message": "The caller does not have permission",
        "domain": "global",
        "reason": "forbidden"
      }
    ],
    "status": "PERMISSION_DENIED"
  }
}

[2026-07-08T03:40:07] published via mail2blogger_gmail_api: https://jejugrandebleuyacht.blogspot.com/2026/07/blog-post_08.html
[2026-07-08T03:40:08] Telegram notification sent
[2026-07-09T00:30:30] already published: เที่ยวเชจูคนเดียว? มาเช็คอินที่จุงมุนรีสอร์ทโซน สนุกได้ไม่ซ้ำใคร!
[2026-07-09T01:00:43] Blogger API publish failed HTTP 403: {
  "error": {
    "code": 403,
    "message": "The caller does not have permission",
    "errors": [
      {
        "message": "The caller does not have permission",
        "domain": "global",
        "reason": "forbidden"
      }
    ],
    "status": "PERMISSION_DENIED"
  }
}

[2026-07-09T01:00:54] published via mail2blogger_gmail_api: https://jejugrandebleuyacht.blogspot.com/2026/07/kham-pha-du-thuyen-jeju-grande-bleu.html
[2026-07-09T01:00:55] Telegram notification sent
[2026-07-09T04:10:04] Blogger API publish failed HTTP 403: {
  "error": {
    "code": 403,
    "message": "The caller does not have permission",
    "errors": [
      {
        "message": "The caller does not have permission",
        "domain": "global",
        "reason": "forbidden"
      }
    ],
    "status": "PERMISSION_DENIED"
  }
}

[2026-07-09T04:10:15] published via mail2blogger_gmail_api: https://jejugrandebleuyacht.blogspot.com/2026/07/jeju-yacht-tour-photo-spots-grande-bleu_0232013364.html
[2026-07-09T04:10:15] Telegram notification sent
[2026-07-10T00:30:44] already published: Jeju Yacht Tour — Photo Spots | Grande Bleu Catamaran, Seogwipo Jeju (travelers from Japan)
[2026-07-10T01:00:41] Blogger API publish failed HTTP 403: {
  "error": {
    "code": 403,
    "message": "The caller does not have permission",
    "errors": [
      {
        "message": "The caller does not have permission",
        "domain": "global",
        "reason": "forbidden"
      }
    ],
    "status": "PERMISSION_DENIED"
  }
}

[2026-07-10T01:00:52] published via mail2blogger_gmail_api: https://jejugrandebleuyacht.blogspot.com/2026/07/yacht-jeju-pesiar-sunset-mewah-di-pulau.html
[2026-07-10T01:00:53] Telegram notification sent
[2026-07-10T04:10:28] Blogger API publish failed HTTP 403: {
  "error": {
    "code": 403,
    "message": "The caller does not have permission",
    "errors": [
      {
        "message": "The caller does not have permission",
        "domain": "global",
        "reason": "forbidden"
      }
    ],
    "status": "PERMISSION_DENIED"
  }
}

[2026-07-10T04:10:39] published via mail2blogger_gmail_api: https://jejugrandebleuyacht.blogspot.com/2026/07/panduan-lengkap-menjelajahi-pesona.html
[2026-07-10T04:10:39] Telegram notification sent
[2026-07-11T00:30:31] already published: Panduan Lengkap Menjelajahi Pesona Seogwipo: Surga Tersembunyi di Jeju
[2026-07-11T01:00:30] Blogger API publish failed HTTP 403: {
  "error": {
    "code": 403,
    "message": "The caller does not have permission",
    "errors": [
      {
        "message": "The caller does not have permission",
        "domain": "global",
        "reason": "forbidden"
      }
    ],
    "status": "PERMISSION_DENIED"
  }
}

[2026-07-11T01:00:41] published via mail2blogger_gmail_api: https://jejugrandebleuyacht.blogspot.com/2026/07/jeju-yacht-atardecer-inolvidable-en.html
[2026-07-11T01:00:42] Telegram notification sent
[2026-07-11T03:37:38] Blogger API publish failed HTTP 403: {
  "error": {
    "code": 403,
    "message": "The caller does not have permission",
    "errors": [
      {
        "message": "The caller does not have permission",
        "domain": "global",
        "reason": "forbidden"
      }
    ],
    "status": "PERMISSION_DENIED"
  }
}

[2026-07-11T03:37:49] published via mail2blogger_gmail_api: https://jejugrandebleuyacht.blogspot.com/2026/07/jeju-en-un-fin-de-semana-tu-guia.html
[2026-07-11T03:37:49] Telegram notification sent
[2026-07-12T01:00:30] already published: Jeju en un Fin de Semana: Tu Guía Esencial de 2 Días para Primerizos en 2026
[2026-07-12T02:30:34] Blogger API publish failed HTTP 403: {
  "error": {
    "code": 403,
    "message": "The caller does not have permission",
    "errors": [
      {
        "message": "The caller does not have permission",
        "domain": "global",
        "reason": "forbidden"
      }
    ],
    "status": "PERMISSION_DENIED"
  }
}

[2026-07-12T02:30:45] published via mail2blogger_gmail_api: https://jejugrandebleuyacht.blogspot.com/2026/07/jeju-en-solo-mes-spots-photo.html
[2026-07-12T02:30:45] Telegram notification sent
[2026-07-12T03:51:58] Blogger API publish failed HTTP 403: {
  "error": {
    "code": 403,
    "message": "The caller does not have permission",
    "errors": [
      {
        "message": "The caller does not have permission",
        "domain": "global",
        "reason": "forbidden"
      }
    ],
    "status": "PERMISSION_DENIED"
  }
}

[2026-07-12T03:52:09] published via mail2blogger_gmail_api: https://jejugrandebleuyacht.blogspot.com/2026/07/jeju-yacht-tour-best-season-grande-bleu.html
[2026-07-12T03:52:09] Telegram notification sent
[2026-07-13T00:30:47] already published: Jeju Yacht Tour — Best Season | Grande Bleu Catamaran, Seogwipo Jeju (Chinese-speaking travelers)
[2026-07-13T01:00:36] Blogger API publish failed HTTP 403: {
  "error": {
    "code": 403,
    "message": "The caller does not have permission",
    "errors": [
      {
        "message": "The caller does not have permission",
        "domain": "global",
        "reason": "forbidden"
      }
    ],
    "status": "PERMISSION_DENIED"
  }
}

[2026-07-13T01:00:47] published via mail2blogger_gmail_api: https://jejugrandebleuyacht.blogspot.com/2026/07/jeju-yacht-tour-luxurioses-segeln.html
[2026-07-13T01:00:48] Telegram notification sent
[2026-07-13T03:54:54] Blogger API publish failed HTTP 403: {
  "error": {
    "code": 403,
    "message": "The caller does not have permission",
    "errors": [
      {
        "message": "The caller does not have permission",
        "domain": "global",
        "reason": "forbidden"
      }
    ],
    "status": "PERMISSION_DENIED"
  }
}

[2026-07-13T03:55:05] published via mail2blogger_gmail_api: https://jejugrandebleuyacht.blogspot.com/2026/07/jeju-strande-und-die-sudkuste-mein-solo.html
[2026-07-13T03:55:06] Telegram notification sent
[2026-07-14T00:30:39] already published: Jeju Strände und die Südküste: Mein Solo-Abenteuer am Meer
[2026-07-14T01:00:35] Blogger API publish failed HTTP 403: {
  "error": {
    "code": 403,
    "message": "The caller does not have permission",
    "errors": [
      {
        "message": "The caller does not have permission",
        "domain": "global",
        "reason": "forbidden"
      }
    ],
    "status": "PERMISSION_DENIED"
  }
}

[2026-07-14T01:00:46] published via mail2blogger_gmail_api: https://jejugrandebleuyacht.blogspot.com/2026/07/alba-mozzafiato-seongsan-ilchulbong-la.html
[2026-07-14T01:00:46] Telegram notification sent
[2026-07-14T03:02:07] Blogger API publish failed HTTP 403: {
  "error": {
    "code": 403,
    "message": "The caller does not have permission",
    "errors": [
      {
        "message": "The caller does not have permission",
        "domain": "global",
        "reason": "forbidden"
      }
    ],
    "status": "PERMISSION_DENIED"
  }
}

[2026-07-14T03:02:19] published via mail2blogger_gmail_api: https://jejugrandebleuyacht.blogspot.com/2026/07/jeju-yacht-tour-safety-comfort-grande.html
[2026-07-14T03:02:19] Telegram notification sent
[2026-07-14T03:29:08] already published: Jeju Yacht Tour — Safety & Comfort | Grande Bleu Catamaran, Seogwipo Jeju (families with kids)
[2026-07-15T00:30:37] already published: Jeju Yacht Tour — Safety & Comfort | Grande Bleu Catamaran, Seogwipo Jeju (families with kids)
[2026-07-15T03:28:37] Blogger API publish failed HTTP 403: {
  "error": {
    "code": 403,
    "message": "The caller does not have permission",
    "errors": [
      {
        "message": "The caller does not have permission",
        "domain": "global",
        "reason": "forbidden"
      }
    ],
    "status": "PERMISSION_DENIED"
  }
}

[2026-07-15T03:28:48] published via mail2blogger_gmail_api: https://jejugrandebleuyacht.blogspot.com/2026/07/jeju-de-carro-rota-cenica-da-costa-sul.html
[2026-07-15T03:28:48] Telegram notification sent
[2026-07-16T00:30:31] already published: Jeju de Carro: A Rota Cênica da Costa Sul que me Deixou Sem Fôlego!
[2026-07-16T03:32:24] Blogger API publish failed HTTP 403: {
  "error": {
    "code": 403,
    "message": "The caller does not have permission",
    "errors": [
      {
        "message": "The caller does not have permission",
        "domain": "global",
        "reason": "forbidden"
      }
    ],
    "status": "PERMISSION_DENIED"
  }
}

[2026-07-16T03:32:34] published via mail2blogger_gmail_api: https://jejugrandebleuyacht.blogspot.com/2026/07/blog-post_16.html
[2026-07-16T03:32:35] Telegram notification sent
[2026-07-17T00:30:37] already published: رحلة أحلامك في جيجو: اكتشف أروع الطرق الساحلية الخلابة بالسيارة!
[2026-07-17T03:33:16] Blogger API publish failed HTTP 403: {
  "error": {
    "code": 403,
    "message": "The caller does not have permission",
    "errors": [
      {
        "message": "The caller does not have permission",
        "domain": "global",
        "reason": "forbidden"
      }
    ],
    "status": "PERMISSION_DENIED"
  }
}

[2026-07-17T03:33:27] published via mail2blogger_gmail_api: https://jejugrandebleuyacht.blogspot.com/2026/07/jeju-yacht-tour-best-season-grande-bleu_0381692706.html
[2026-07-17T03:33:27] Telegram notification sent
[2026-07-18T00:30:39] already published: Jeju Yacht Tour — Best Season | Grande Bleu Catamaran, Seogwipo Jeju (first-time visitors)
[2026-07-18T03:26:49] Blogger API publish failed HTTP 403: {
  "error": {
    "code": 403,
    "message": "The caller does not have permission",
    "errors": [
      {
        "message": "The caller does not have permission",
        "domain": "global",
        "reason": "forbidden"
      }
    ],
    "status": "PERMISSION_DENIED"
  }
}

[2026-07-18T03:27:01] published via mail2blogger_gmail_api: https://jejugrandebleuyacht.blogspot.com/2026/07/terokai-kafe-pemandangan-laut-jeju-yang.html
[2026-07-18T03:27:01] Telegram notification sent
[2026-07-19T00:30:35] already published: Terokai Kafe Pemandangan Laut Jeju yang Memukau, Sempurna Untuk Honeymoon!
[2026-07-19T03:48:14] Blogger API publish failed HTTP 403: {
  "error": {
    "code": 403,
    "message": "The caller does not have permission",
    "errors": [
      {
        "message": "The caller does not have permission",
        "domain": "global",
        "reason": "forbidden"
      }
    ],
    "status": "PERMISSION_DENIED"
  }
}

[2026-07-19T03:48:25] published via mail2blogger_gmail_api: https://jejugrandebleuyacht.blogspot.com/2026/07/jeju-east-coast-day-trip-isang-gabay.html
[2026-07-19T03:48:26] Telegram notification sent
[2026-07-20T00:30:58] already published: Jeju East Coast Day Trip: Isang Gabay para sa 'Di Malilimutang Corporate Retreat!
[2026-07-20T03:59:22] Blogger API publish failed HTTP 403: {
  "error": {
    "code": 403,
    "message": "The caller does not have permission",
    "errors": [
      {
        "message": "The caller does not have permission",
        "domain": "global",
        "reason": "forbidden"
      }
    ],
    "status": "PERMISSION_DENIED"
  }
}

[2026-07-20T03:59:33] published via mail2blogger_gmail_api: https://jejugrandebleuyacht.blogspot.com/2026/07/jeju-yat-turu-guney-korenin-cennet.html
[2026-07-20T03:59:34] Telegram notification sent
[2026-07-21T00:30:31] already published: Jeju Yat Turu: Güney Kore'nin Cennet Adası'nda Unutulmaz Bir Maceraya Yelken Açın
[2026-07-21T03:39:50] Blogger API publish failed HTTP 403: {
  "error": {
    "code": 403,
    "message": "The caller does not have permission",
    "errors": [
      {
        "message": "The caller does not have permission",
        "domain": "global",
        "reason": "forbidden"
      }
    ],
    "status": "PERMISSION_DENIED"
  }
}

[2026-07-21T03:40:01] published via mail2blogger_gmail_api: https://jejugrandebleuyacht.blogspot.com/2026/07/blog-post_21.html
[2026-07-21T03:40:01] Telegram notification sent
[2026-07-22T00:30:37] already published: Жэжү арал: Урд эрэг ба гайхалтай далайн эргүүдээр аялах нь
[2026-07-22T03:40:35] Blogger API publish failed HTTP 403: {
  "error": {
    "code": 403,
    "message": "The caller does not have permission",
    "errors": [
      {
        "message": "The caller does not have permission",
        "domain": "global",
        "reason": "forbidden"
      }
    ],
    "status": "PERMISSION_DENIED"
  }
}

[2026-07-22T03:40:46] published via mail2blogger_gmail_api: https://jejugrandebleuyacht.blogspot.com/2026/07/jeju-dla-par-spokojne-zakatki-na-relaks.html
[2026-07-22T03:40:46] Telegram notification sent
[2026-07-23T00:30:33] already published: Jeju dla Par: Spokojne Zakątki na Relaks i Romantyczne Chwile
[2026-07-23T03:39:25] Blogger API publish failed HTTP 403: {
  "error": {
    "code": 403,
    "message": "The caller does not have permission",
    "errors": [
      {
        "message": "The caller does not have permission",
        "domain": "global",
        "reason": "forbidden"
      }
    ],
    "status": "PERMISSION_DENIED"
  }
}

[2026-07-23T03:39:36] published via mail2blogger_gmail_api: https://jejugrandebleuyacht.blogspot.com/2026/07/jeju-islands-best-season-for-grande.html
[2026-07-23T03:39:37] Telegram notification sent
[2026-07-24T00:30:33] already published: Jeju Island's Best Season for a Grande Bleu Yacht Adventure
[2026-07-24T03:38:45] Blogger API publish failed HTTP 403: {
  "error": {
    "code": 403,
    "message": "The caller does not have permission",
    "errors": [
      {
        "message": "The caller does not have permission",
        "domain": "global",
        "reason": "forbidden"
      }
    ],
    "status": "PERMISSION_DENIED"
  }
}

[2026-07-24T03:38:56] published via mail2blogger_gmail_api: https://jejugrandebleuyacht.blogspot.com/2026/07/blog-post_24.html
[2026-07-24T03:38:56] Telegram notification sent
[2026-07-25T00:30:33] already published: 済州のロマンチックな休日：グランブルーヨットで最高の思い出を
[2026-07-25T03:34:01] Blogger API publish failed HTTP 403: {
  "error": {
    "code": 403,
    "message": "The caller does not have permission",
    "errors": [
      {
        "message": "The caller does not have permission",
        "domain": "global",
        "reason": "forbidden"
      }
    ],
    "status": "PERMISSION_DENIED"
  }
}

[2026-07-25T03:34:12] published via mail2blogger_gmail_api: https://jejugrandebleuyacht.blogspot.com/2026/07/grande-bleu_01771458419.html
[2026-07-25T03:34:12] Telegram notification sent
[2026-07-26T00:31:44] already published: 济州游艇必玩!Grande Bleu双体船夕阳航海 冬天也暖和
[2026-07-26T03:51:19] Blogger API publish failed HTTP 403: {
  "error": {
    "code": 403,
    "message": "The caller does not have permission",
    "errors": [
      {
        "message": "The caller does not have permission",
        "domain": "global",
        "reason": "forbidden"
      }
    ],
    "status": "PERMISSION_DENIED"
  }
}

[2026-07-26T03:51:30] published via mail2blogger_gmail_api: https://jejugrandebleuyacht.blogspot.com/2026/07/blog-post_26.html
[2026-07-26T03:51:31] Telegram notification sent
[2026-07-27T00:30:35] already published: 濟州南海岸秘境之旅：獨行者也能盡享沙灘與海風的夏日浪漫
[2026-07-27T03:58:26] Blogger API publish failed HTTP 403: {
  "error": {
    "code": 403,
    "message": "The caller does not have permission",
    "errors": [
      {
        "message": "The caller does not have permission",
        "domain": "global",
        "reason": "forbidden"
      }
    ],
    "status": "PERMISSION_DENIED"
  }
}

[2026-07-27T03:58:36] published via mail2blogger_gmail_api: https://jejugrandebleuyacht.blogspot.com/2026/07/2026.html
[2026-07-27T03:58:37] Telegram notification sent
[2026-07-28T00:30:35] already published: Однодневная поездка на остров Удо в 2026 году: Жемчужина Чеджу, которую нельзя пропустить!
[2026-07-28T03:30:47] Blogger API publish failed HTTP 403: {
  "error": {
    "code": 403,
    "message": "The caller does not have permission",
    "errors": [
      {
        "message": "The caller does not have permission",
        "domain": "global",
        "reason": "forbidden"
      }
    ],
    "status": "PERMISSION_DENIED"
  }
}

[2026-07-28T03:30:59] published via mail2blogger_gmail_api: https://jejugrandebleuyacht.blogspot.com/2026/07/2026_0692676561.html
[2026-07-28T03:30:59] Telegram notification sent
[2026-07-29T00:30:31] already published: เจาะลึก 2026: ที่เที่ยวสุดฮิตใกล้ซอควีโพที่ห้ามพลาด! (สำหรับคนชอบความหรูหรา)
[2026-07-29T03:33:26] Blogger API publish failed HTTP 403: {
  "error": {
    "code": 403,
    "message": "The caller does not have permission",
    "errors": [
      {
        "message": "The caller does not have permission",
        "domain": "global",
        "reason": "forbidden"
      }
    ],
    "status": "PERMISSION_DENIED"
  }
}

[2026-07-29T03:33:37] published via mail2blogger_gmail_api: https://jejugrandebleuyacht.blogspot.com/2026/07/hanh-trinh-kham-pha-huong-vi-am-thuc-ia.html
[2026-07-29T03:33:38] Telegram notification sent
[2026-07-30T00:30:37] already published: Hành Trình Khám Phá Hương Vị Ẩm Thực Địa Phương Jeju Năm 2026: Một Trải Nghiệm Khó Quên!
[2026-07-30T03:23:17] Blogger API publish failed HTTP 403: {
  "error": {
    "code": 403,
    "message": "The caller does not have permission",
    "errors": [
      {
        "message": "The caller does not have permission",
        "domain": "global",
        "reason": "forbidden"
      }
    ],
    "status": "PERMISSION_DENIED"
  }
}

[2026-07-30T03:23:29] published via mail2blogger_gmail_api: https://jejugrandebleuyacht.blogspot.com/2026/07/5-kafe-pemandangan-laut-di-jeju-yang.html
[2026-07-30T03:23:29] Telegram notification sent
[2026-07-31T00:30:53] already published: 5 Kafe Pemandangan Laut di Jeju yang Wajib Dikunjungi untuk Relaksasi Maksimal!
[2026-07-31T03:47:00] Blogger API publish failed HTTP 403: {
  "error": {
    "code": 403,
    "message": "The caller does not have permission",
    "errors": [
      {
        "message": "The caller does not have permission",
        "domain": "global",
        "reason": "forbidden"
      }
    ],
    "status": "PERMISSION_DENIED"
  }
}

[2026-07-31T03:47:11] published via mail2blogger_gmail_api: https://jejugrandebleuyacht.blogspot.com/2026/07/jeju-para-novatos-que-hacer-en-tu.html
[2026-07-31T03:47:12] Telegram notification sent
[2026-08-01T03:46:20] Blogger API publish failed HTTP 403: {
  "error": {
    "code": 403,
    "message": "The caller does not have permission",
    "errors": [
      {
        "message": "The caller does not have permission",
        "domain": "global",
        "reason": "forbidden"
      }
    ],
    "status": "PERMISSION_DENIED"
  }
}

[2026-08-01T03:46:31] published via mail2blogger_gmail_api: https://jejugrandebleuyacht.blogspot.com/2026/08/decouvrez-les-tresors-caches-de-jeju.html
[2026-08-01T03:46:32] Telegram notification sent
[2026-08-02T00:30:34] already published: Découvrez les trésors cachés de Jeju loin de la foule : une évasion inoubliable !
[2026-08-02T03:48:24] Blogger API publish failed HTTP 403: {
  "error": {
    "code": 403,
    "message": "The caller does not have permission",
    "errors": [
      {
        "message": "The caller does not have permission",
        "domain": "global",
        "reason": "forbidden"
      }
    ],
    "status": "PERMISSION_DENIED"
  }
}

[2026-08-02T03:48:35] published via mail2blogger_gmail_api: https://jejugrandebleuyacht.blogspot.com/2026/08/jeju-yacht-tour-photo-spots-grande-bleu.html
[2026-08-02T03:48:36] Telegram notification sent
[2026-08-03T00:30:47] already published: Jeju Yacht Tour — Photo Spots | Grande Bleu Catamaran, Seogwipo Jeju (couples and honeymooners)
[2026-08-03T03:50:04] Blogger API publish failed HTTP 403: {
  "error": {
    "code": 403,
    "message": "The caller does not have permission",
    "errors": [
      {
        "message": "The caller does not have permission",
        "domain": "global",
        "reason": "forbidden"
      }
    ],
    "status": "PERMISSION_DENIED"
  }
}

[2026-08-03T03:50:04] recent post lookup failed on attempt 1: HTTPError: HTTP Error 503: Service Unavailable
[2026-08-03T03:50:15] published via mail2blogger_gmail_api: https://jejugrandebleuyacht.blogspot.com/2026/08/jeju-in-famiglia-unisola-misura-di.html
[2026-08-03T03:50:15] Telegram notification sent
[2026-08-04T00:30:38] already published: Jeju in famiglia: un'isola a misura di bambino e di viaggiatore singolo!
[2026-08-04T03:32:58] Blogger API publish failed HTTP 403: {
  "error": {
    "code": 403,
    "message": "The caller does not have permission",
    "errors": [
      {
        "message": "The caller does not have permission",
        "domain": "global",
        "reason": "forbidden"
      }
    ],
    "status": "PERMISSION_DENIED"
  }
}

[2026-08-04T03:33:10] published via mail2blogger_gmail_api: https://jejugrandebleuyacht.blogspot.com/2026/08/jeju-yacht-tour-how-to-book-grande-bleu.html
[2026-08-04T03:33:10] Telegram notification sent
[2026-08-05T00:30:34] already published: Jeju Yacht Tour — How to Book | Grande Bleu Catamaran, Seogwipo Jeju (families with kids)
[2026-08-05T03:28:29] Blogger API publish failed HTTP 403: {
  "error": {
    "code": 403,
    "message": "The caller does not have permission",
    "errors": [
      {
        "message": "The caller does not have permission",
        "domain": "global",
        "reason": "forbidden"
      }
    ],
    "status": "PERMISSION_DENIED"
  }
}

[2026-08-05T03:28:41] published via mail2blogger_gmail_api: https://jejugrandebleuyacht.blogspot.com/2026/08/jeju-yacht-tour-best-season-grande-bleu.html
[2026-08-05T03:28:41] Telegram notification sent
[2026-08-06T00:30:42] already published: Jeju Yacht Tour — Best Season | Grande Bleu Catamaran, Seogwipo Jeju (corporate groups)
[2026-08-06T03:31:59] Blogger API publish failed HTTP 403: {
  "error": {
    "code": 403,
    "message": "The caller does not have permission",
    "errors": [
      {
        "message": "The caller does not have permission",
        "domain": "global",
        "reason": "forbidden"
      }
    ],
    "status": "PERMISSION_DENIED"
  }
}

[2026-08-06T03:32:10] published via mail2blogger_gmail_api: https://jejugrandebleuyacht.blogspot.com/2026/08/blog-post.html
[2026-08-06T03:32:11] Telegram notification sent
[2026-08-07T00:30:36] already published: जेजू के दक्षिणी तट पर छिपा स्वर्ग: मंत्रमुग्ध कर देने वाले समुद्र तट और छिपे हुए रत्न!
[2026-08-07T03:13:19] Blogger API publish failed HTTP 403: {
  "error": {
    "code": 403,
    "message": "The caller does not have permission",
    "errors": [
      {
        "message": "The caller does not have permission",
        "domain": "global",
        "reason": "forbidden"
      }
    ],
    "status": "PERMISSION_DENIED"
  }
}

[2026-08-07T03:13:31] published via mail2blogger_gmail_api: https://jejugrandebleuyacht.blogspot.com/2026/08/jeju-yacht-tour-how-to-book-grande-bleu_0721526050.html
[2026-08-07T03:13:31] Telegram notification sent
[2026-08-08T00:30:39] Blogger API publish failed HTTP 403: {
  "error": {
    "code": 403,
    "message": "The caller does not have permission",
    "errors": [
      {
        "message": "The caller does not have permission",
        "domain": "global",
        "reason": "forbidden"
      }
    ],
    "status": "PERMISSION_DENIED"
  }
}

[2026-08-08T00:30:50] published via mail2blogger_gmail_api: https://jejugrandebleuyacht.blogspot.com/2026/08/jeju-mula-sa-tubig-bakit-ang-south.html
[2026-08-08T00:30:51] Telegram notification sent
[2026-08-08T02:18:27] Blogger API publish failed HTTP 403: {
  "error": {
    "code": 403,
    "message": "The caller does not have permission",
    "errors": [
      {
        "message": "The caller does not have permission",
        "domain": "global",
        "reason": "forbidden"
      }
    ],
    "status": "PERMISSION_DENIED"
  }
}

[2026-08-08T02:18:38] published via mail2blogger_gmail_api: https://jejugrandebleuyacht.blogspot.com/2026/08/ating-tuklasin-mga-nangungunang.html
[2026-08-08T02:18:39] Telegram notification sent
[2026-08-09T00:30:42] Blogger API publish failed HTTP 403: {
  "error": {
    "code": 403,
    "message": "The caller does not have permission",
    "errors": [
      {
        "message": "The caller does not have permission",
        "domain": "global",
        "reason": "forbidden"
      }
    ],
    "status": "PERMISSION_DENIED"
  }
}

[2026-08-09T00:30:54] published via mail2blogger_gmail_api: https://jejugrandebleuyacht.blogspot.com/2026/08/jeju-yacht-tour-price-guide-grande-bleu.html
[2026-08-09T00:30:55] Telegram notification sent
[2026-08-09T02:25:54] Blogger API publish failed HTTP 403: {
  "error": {
    "code": 403,
    "message": "The caller does not have permission",
    "errors": [
      {
        "message": "The caller does not have permission",
        "domain": "global",
        "reason": "forbidden"
      }
    ],
    "status": "PERMISSION_DENIED"
  }
}

[2026-08-09T02:26:05] published via mail2blogger_gmail_api: https://jejugrandebleuyacht.blogspot.com/2026/08/jeju-yacht-tour-best-season-grande-bleu_052667062.html
[2026-08-09T02:26:06] Telegram notification sent
[2026-08-10T00:30:38] Blogger API publish failed HTTP 403: {
  "error": {
    "code": 403,
    "message": "The caller does not have permission",
    "errors": [
      {
        "message": "The caller does not have permission",
        "domain": "global",
        "reason": "forbidden"
      }
    ],
    "status": "PERMISSION_DENIED"
  }
}

[2026-08-10T00:30:49] published via mail2blogger_gmail_api: https://jejugrandebleuyacht.blogspot.com/2026/08/blog-post_10.html
[2026-08-10T00:30:50] Telegram notification sent
[2026-08-10T02:30:46] Blogger API publish failed HTTP 403: {
  "error": {
    "code": 403,
    "message": "The caller does not have permission",
    "errors": [
      {
        "message": "The caller does not have permission",
        "domain": "global",
        "reason": "forbidden"
      }
    ],
    "status": "PERMISSION_DENIED"
  }
}

[2026-08-10T02:30:57] published via mail2blogger_gmail_api: https://jejugrandebleuyacht.blogspot.com/2026/08/jeju-yacht-tour-onboard-food-drinks.html
[2026-08-10T02:30:58] Telegram notification sent
[2026-08-11T00:30:33] Blogger API publish failed HTTP 403: {
  "error": {
    "code": 403,
    "message": "The caller does not have permission",
    "errors": [
      {
        "message": "The caller does not have permission",
        "domain": "global",
        "reason": "forbidden"
      }
    ],
    "status": "PERMISSION_DENIED"
  }
}

[2026-08-11T00:30:44] published via mail2blogger_gmail_api: https://jejugrandebleuyacht.blogspot.com/2026/08/magiczny-dzien-na-wschodnim-wybrzezu.html
[2026-08-11T00:30:44] Telegram notification sent
[2026-08-11T02:24:04] Blogger API publish failed HTTP 403: {
  "error": {
    "code": 403,
    "message": "The caller does not have permission",
    "errors": [
      {
        "message": "The caller does not have permission",
        "domain": "global",
        "reason": "forbidden"
      }
    ],
    "status": "PERMISSION_DENIED"
  }
}

[2026-08-11T02:24:16] published via mail2blogger_gmail_api: https://jejugrandebleuyacht.blogspot.com/2026/08/jeju-yacht-tour-catamaran-grande-bleu.html
[2026-08-11T02:24:16] Telegram notification sent
[2026-08-12T00:30:34] Blogger API publish failed HTTP 403: {
  "error": {
    "code": 403,
    "message": "The caller does not have permission",
    "errors": [
      {
        "message": "The caller does not have permission",
        "domain": "global",
        "reason": "forbidden"
      }
    ],
    "status": "PERMISSION_DENIED"
  }
}

[2026-08-12T00:30:45] published via mail2blogger_gmail_api: https://jejugrandebleuyacht.blogspot.com/2026/08/jeju-yacht-tour-grande-bleu-catamaran.html
[2026-08-12T00:30:46] Telegram notification sent
[2026-08-12T02:40:47] Blogger API publish failed HTTP 403: {
  "error": {
    "code": 403,
    "message": "The caller does not have permission",
    "errors": [
      {
        "message": "The caller does not have permission",
        "domain": "global",
        "reason": "forbidden"
      }
    ],
    "status": "PERMISSION_DENIED"
  }
}

[2026-08-12T02:40:59] published via mail2blogger_gmail_api: https://jejugrandebleuyacht.blogspot.com/2026/08/jejus-grande-bleu-yacht-discovering.html
[2026-08-12T02:40:59] Telegram notification sent
[2026-08-13T00:33:37] Blogger API publish failed HTTP 403: {
  "error": {
    "code": 403,
    "message": "The caller does not have permission",
    "errors": [
      {
        "message": "The caller does not have permission",
        "domain": "global",
        "reason": "forbidden"
      }
    ],
    "status": "PERMISSION_DENIED"
  }
}

[2026-08-13T00:33:48] published via mail2blogger_gmail_api: https://jejugrandebleuyacht.blogspot.com/2026/08/blog-post_13.html
[2026-08-13T00:33:48] Telegram notification sent
[2026-08-13T02:43:03] Blogger API publish failed HTTP 403: {
  "error": {
    "code": 403,
    "message": "The caller does not have permission",
    "errors": [
      {
        "message": "The caller does not have permission",
        "domain": "global",
        "reason": "forbidden"
      }
    ],
    "status": "PERMISSION_DENIED"
  }
}

[2026-08-13T02:43:15] published via mail2blogger_gmail_api: https://jejugrandebleuyacht.blogspot.com/2026/08/2026.html
[2026-08-13T02:43:15] Telegram notification sent
[2026-08-14T00:33:39] already published: 2026年夏！子連れ済州島旅行は牛島（ウド）日帰り探検が最高に楽しい！
[2026-08-14T02:41:49] Blogger API publish failed HTTP 403: {
  "error": {
    "code": 403,
    "message": "The caller does not have permission",
    "errors": [
      {
        "message": "The caller does not have permission",
        "domain": "global",
        "reason": "forbidden"
      }
    ],
    "status": "PERMISSION_DENIED"
  }
}

[2026-08-14T02:42:00] published via mail2blogger_gmail_api: https://jejugrandebleuyacht.blogspot.com/2026/08/2026_02031701102.html
[2026-08-14T02:42:00] Telegram notification sent
[2026-08-15T00:33:37] Blogger API publish failed HTTP 403: {
  "error": {
    "code": 403,
    "message": "The caller does not have permission",
    "errors": [
      {
        "message": "The caller does not have permission",
        "domain": "global",
        "reason": "forbidden"
      }
    ],
    "status": "PERMISSION_DENIED"
  }
}

[2026-08-15T00:33:49] published via mail2blogger_gmail_api: https://jejugrandebleuyacht.blogspot.com/2026/08/grande-bleu.html
[2026-08-15T00:33:50] Telegram notification sent
[2026-08-15T01:47:06] Blogger API publish failed HTTP 403: {
  "error": {
    "code": 403,
    "message": "The caller does not have permission",
    "errors": [
      {
        "message": "The caller does not have permission",
        "domain": "global",
        "reason": "forbidden"
      }
    ],
    "status": "PERMISSION_DENIED"
  }
}

[2026-08-15T01:47:17] published via mail2blogger_gmail_api: https://jejugrandebleuyacht.blogspot.com/2026/08/blog-post_15.html
[2026-08-15T01:47:17] Telegram notification sent
[2026-08-16T00:33:37] Blogger API publish failed HTTP 403: {
  "error": {
    "code": 403,
    "message": "The caller does not have permission",
    "errors": [
      {
        "message": "The caller does not have permission",
        "domain": "global",
        "reason": "forbidden"
      }
    ],
    "status": "PERMISSION_DENIED"
  }
}

[2026-08-16T00:33:49] published via mail2blogger_gmail_api: https://jejugrandebleuyacht.blogspot.com/2026/08/blog-post_16.html
[2026-08-16T00:33:49] Telegram notification sent
[2026-08-16T01:55:46] Blogger API publish failed HTTP 403: {
  "error": {
    "code": 403,
    "message": "The caller does not have permission",
    "errors": [
      {
        "message": "The caller does not have permission",
        "domain": "global",
        "reason": "forbidden"
      }
    ],
    "status": "PERMISSION_DENIED"
  }
}

[2026-08-16T01:55:57] published via mail2blogger_gmail_api: https://jejugrandebleuyacht.blogspot.com/2026/08/blog-post_118.html
[2026-08-16T01:55:58] Telegram notification sent
[2026-08-17T00:33:35] Blogger API publish failed HTTP 403: {
  "error": {
    "code": 403,
    "message": "The caller does not have permission",
    "errors": [
      {
        "message": "The caller does not have permission",
        "domain": "global",
        "reason": "forbidden"
      }
    ],
    "status": "PERMISSION_DENIED"
  }
}

[2026-08-17T00:33:46] published via mail2blogger_gmail_api: https://jejugrandebleuyacht.blogspot.com/2026/08/blog-post_17.html
[2026-08-17T00:33:46] Telegram notification sent
[2026-08-17T01:52:52] Blogger API publish failed HTTP 403: {
  "error": {
    "code": 403,
    "message": "The caller does not have permission",
    "errors": [
      {
        "message": "The caller does not have permission",
        "domain": "global",
        "reason": "forbidden"
      }
    ],
    "status": "PERMISSION_DENIED"
  }
}

[2026-08-17T01:53:04] published via mail2blogger_gmail_api: https://jejugrandebleuyacht.blogspot.com/2026/08/blog-post_83.html
[2026-08-17T01:53:05] Telegram notification sent
[2026-08-18T00:33:38] Blogger API publish failed HTTP 403: {
  "error": {
    "code": 403,
    "message": "The caller does not have permission",
    "errors": [
      {
        "message": "The caller does not have permission",
        "domain": "global",
        "reason": "forbidden"
      }
    ],
    "status": "PERMISSION_DENIED"
  }
}

[2026-08-18T00:33:49] published via mail2blogger_gmail_api: https://jejugrandebleuyacht.blogspot.com/2026/08/2026_0340894901.html
[2026-08-18T00:33:50] Telegram notification sent
[2026-08-18T01:48:16] Blogger API publish failed HTTP 403: {
  "error": {
    "code": 403,
    "message": "The caller does not have permission",
    "errors": [
      {
        "message": "The caller does not have permission",
        "domain": "global",
        "reason": "forbidden"
      }
    ],
    "status": "PERMISSION_DENIED"
  }
}

[2026-08-18T01:48:27] published via mail2blogger_gmail_api: https://jejugrandebleuyacht.blogspot.com/2026/08/khu-nghi-duong-jungmun-jeju-nhung-ieu.html
[2026-08-18T01:48:27] Telegram notification sent
[2026-08-19T00:33:39] Blogger API publish failed HTTP 403: {
  "error": {
    "code": 403,
    "message": "The caller does not have permission",
    "errors": [
      {
        "message": "The caller does not have permission",
        "domain": "global",
        "reason": "forbidden"
      }
    ],
    "status": "PERMISSION_DENIED"
  }
}

[2026-08-19T00:33:50] published via mail2blogger_gmail_api: https://jejugrandebleuyacht.blogspot.com/2026/08/thang-8-nay-i-au-o-jeju-kham-pha.html
[2026-08-19T00:33:51] Telegram notification sent
[2026-08-19T01:50:34] Blogger API publish failed HTTP 403: {
  "error": {
    "code": 403,
    "message": "The caller does not have permission",
    "errors": [
      {
        "message": "The caller does not have permission",
        "domain": "global",
        "reason": "forbidden"
      }
    ],
    "status": "PERMISSION_DENIED"
  }
}

[2026-08-19T01:50:46] published via mail2blogger_gmail_api: https://jejugrandebleuyacht.blogspot.com/2026/08/jeju-yacht-tour-best-season-grande-bleu_01045409923.html
[2026-08-19T01:50:46] Telegram notification sent
[2026-08-20T00:33:35] Blogger API publish failed HTTP 403: {
  "error": {
    "code": 403,
    "message": "The caller does not have permission",
    "errors": [
      {
        "message": "The caller does not have permission",
        "domain": "global",
        "reason": "forbidden"
      }
    ],
    "status": "PERMISSION_DENIED"
  }
}

[2026-08-20T00:33:46] published via mail2blogger_gmail_api: https://jejugrandebleuyacht.blogspot.com/2026/08/solo-traveling-di-jeju-ini-kegiatan.html
[2026-08-20T00:33:46] Telegram notification sent
[2026-08-20T01:48:47] Blogger API publish failed HTTP 403: {
  "error": {
    "code": 403,
    "message": "The caller does not have permission",
    "errors": [
      {
        "message": "The caller does not have permission",
        "domain": "global",
        "reason": "forbidden"
      }
    ],
    "status": "PERMISSION_DENIED"
  }
}

[2026-08-20T01:48:58] published via mail2blogger_gmail_api: https://jejugrandebleuyacht.blogspot.com/2026/08/jeju-yacht-tour-best-season-grande-bleu_01986216697.html
[2026-08-20T01:48:58] Telegram notification sent
